

================================================================
== Vitis HLS Report for 'trig_approx'
================================================================
* Date:           Tue Feb 11 01:19:49 2025

* Version:        2024.2 (Build 5238294 on Nov  8 2024)
* Project:        trig_approx
* Solution:       hls (Vivado IP Flow Target)
* Product family: artix7
* Target device:  xc7a35t-cpg236-1


================================================================
== Performance Estimates
================================================================
+ Timing: 
    * Summary: 
    +--------+----------+----------+------------+
    |  Clock |  Target  | Estimated| Uncertainty|
    +--------+----------+----------+------------+
    |ap_clk  |  10.00 ns|  8.854 ns|     2.00 ns|
    +--------+----------+----------+------------+

+ Latency: 
    * Summary: 
    +---------+---------+----------+----------+-----+-----+---------+
    |  Latency (cycles) |  Latency (absolute) |  Interval | Pipeline|
    |   min   |   max   |    min   |    max   | min | max |   Type  |
    +---------+---------+----------+----------+-----+-----+---------+
    |      189|      189|  1.890 us|  1.890 us|  190|  190|       no|
    +---------+---------+----------+----------+-----+-----+---------+

    + Detail: 
        * Instance: 
        N/A

        * Loop: 
        N/A



================================================================
== Utilization Estimates
================================================================
* Summary: 
+-----------------+---------+----+-------+-------+-----+
|       Name      | BRAM_18K| DSP|   FF  |  LUT  | URAM|
+-----------------+---------+----+-------+-------+-----+
|DSP              |        -|   -|      -|      -|    -|
|Expression       |        -|   -|      0|    725|    -|
|FIFO             |        -|   -|      -|      -|    -|
|Instance         |        0|  14|   1123|   1290|    -|
|Memory           |        2|   -|      0|      0|    -|
|Multiplexer      |        -|   -|      0|   1193|    -|
|Register         |        -|   -|   1077|      -|    -|
+-----------------+---------+----+-------+-------+-----+
|Total            |        2|  14|   2200|   3208|    0|
+-----------------+---------+----+-------+-------+-----+
|Available        |      100|  90|  41600|  20800|    0|
+-----------------+---------+----+-------+-------+-----+
|Utilization (%)  |        2|  15|      5|     15|    0|
+-----------------+---------+----+-------+-------+-----+

+ Detail: 
    * Instance: 
    +---------------------------------------+------------------------------------+---------+----+-----+-----+-----+
    |                Instance               |               Module               | BRAM_18K| DSP|  FF | LUT | URAM|
    +---------------------------------------+------------------------------------+---------+----+-----+-----+-----+
    |CTRL_s_axi_U                           |CTRL_s_axi                          |        0|   0|  176|  296|    0|
    |dadddsub_64ns_64ns_64_7_full_dsp_1_U1  |dadddsub_64ns_64ns_64_7_full_dsp_1  |        0|   3|  630|  777|    0|
    |dcmp_64ns_64ns_1_2_no_dsp_1_U4         |dcmp_64ns_64ns_1_2_no_dsp_1         |        0|   0|    0|    0|    0|
    |dcmp_64ns_64ns_1_2_no_dsp_1_U5         |dcmp_64ns_64ns_1_2_no_dsp_1         |        0|   0|    0|    0|    0|
    |ddiv_64ns_64ns_64_59_no_dsp_1_U3       |ddiv_64ns_64ns_64_59_no_dsp_1       |        0|   0|    0|    0|    0|
    |dmul_64ns_64ns_64_6_max_dsp_1_U2       |dmul_64ns_64ns_64_6_max_dsp_1       |        0|  11|  317|  204|    0|
    |sparsemux_9_3_64_1_1_U6                |sparsemux_9_3_64_1_1                |        0|   0|    0|   13|    0|
    +---------------------------------------+------------------------------------+---------+----+-----+-----+-----+
    |Total                                  |                                    |        0|  14| 1123| 1290|    0|
    +---------------------------------------+------------------------------------+---------+----+-----+-----+-----+

    * DSP: 
    N/A

    * Memory: 
    +--------------+------------------------+---------+---+----+-----+------+-----+------+-------------+
    |    Memory    |         Module         | BRAM_18K| FF| LUT| URAM| Words| Bits| Banks| W*Bits*Banks|
    +--------------+------------------------+---------+---+----+-----+------+-----+------+-------------+
    |mask_table_U  |mask_table_ROM_AUTO_1R  |        2|  0|   0|    0|    64|   52|     1|         3328|
    +--------------+------------------------+---------+---+----+-----+------+-----+------+-------------+
    |Total         |                        |        2|  0|   0|    0|    64|   52|     1|         3328|
    +--------------+------------------------+---------+---+----+-----+------+-----+------+-------------+

    * FIFO: 
    N/A

    * Expression: 
    +-----------------------+----------+----+---+----+------------+------------+
    |     Variable Name     | Operation| DSP| FF| LUT| Bitwidth P0| Bitwidth P1|
    +-----------------------+----------+----+---+----+------------+------------+
    |data_1_fu_262_p2       |         +|   0|  0|  71|          64|          64|
    |and_ln19_1_fu_375_p2   |       and|   0|  0|   2|           1|           1|
    |and_ln19_fu_370_p2     |       and|   0|  0|   2|           1|           1|
    |and_ln20_1_fu_512_p2   |       and|   0|  0|   2|           1|           1|
    |and_ln20_fu_516_p2     |       and|   0|  0|   2|           1|           1|
    |and_ln21_fu_451_p2     |       and|   0|  0|   2|           1|           1|
    |and_ln23_fu_499_p2     |       and|   0|  0|   2|           1|           1|
    |and_ln24_fu_336_p2     |       and|   0|  0|   2|           1|           1|
    |xs_sig_3_fu_310_p2     |       and|   0|  0|  52|          52|          52|
    |xs_sign_2_fu_288_p2    |       and|   0|  0|   2|           1|           1|
    |icmp_ln18_fu_231_p2    |      icmp|   0|  0|  18|          11|          10|
    |icmp_ln19_1_fu_359_p2  |      icmp|   0|  0|  18|          11|           1|
    |icmp_ln19_fu_354_p2    |      icmp|   0|  0|  59|          52|           1|
    |icmp_ln20_1_fu_439_p2  |      icmp|   0|  0|  59|          52|           1|
    |icmp_ln20_fu_433_p2    |      icmp|   0|  0|  18|          11|           2|
    |icmp_ln23_1_fu_487_p2  |      icmp|   0|  0|  59|          52|           1|
    |icmp_ln23_fu_481_p2    |      icmp|   0|  0|  18|          11|           2|
    |icmp_ln24_fu_236_p2    |      icmp|   0|  0|  18|          11|          11|
    |or_ln19_fu_364_p2      |        or|   0|  0|   2|           1|           1|
    |or_ln20_fu_445_p2      |        or|   0|  0|   2|           1|           1|
    |or_ln23_fu_493_p2      |        or|   0|  0|   2|           1|           1|
    |or_ln24_fu_342_p2      |        or|   0|  0|   2|           1|           1|
    |ang_mod_2_fu_457_p3    |    select|   0|  0|  64|           1|          64|
    |ang_mod_5_fu_505_p3    |    select|   0|  0|  64|           1|          64|
    |sign_fu_521_p3         |    select|   0|  0|  64|           1|          64|
    |xs_exp_2_fu_293_p3     |    select|   0|  0|  11|           1|          11|
    |xs_sig_2_fu_299_p3     |    select|   0|  0|  52|           1|          52|
    |xor_ln18_fu_330_p2     |       xor|   0|  0|   2|           1|           2|
    |xor_ln24_fu_348_p2     |       xor|   0|  0|   2|           1|           2|
    |xor_ln39_fu_305_p2     |       xor|   0|  0|  52|          52|           2|
    +-----------------------+----------+----+---+----+------------+------------+
    |Total                  |          |   0|  0| 725|         398|         418|
    +-----------------------+----------+----+---+----+------------+------------+

    * Multiplexer: 
    +-------------------+------+-----------+-----+-----------+
    |        Name       |  LUT | Input Size| Bits| Total Bits|
    +-------------------+------+-----------+-----+-----------+
    |ap_NS_fsm          |  1012|        191|    1|        191|
    |grp_fu_134_opcode  |    13|          3|    2|          6|
    |grp_fu_134_p0      |    25|          6|   64|        384|
    |grp_fu_134_p1      |    21|          5|   64|        320|
    |grp_fu_141_p0      |    29|          7|   64|        448|
    |grp_fu_141_p1      |    25|          6|   64|        384|
    |grp_fu_147_p0      |    21|          5|   64|        320|
    |grp_fu_147_p1      |    21|          5|   64|        320|
    |grp_fu_156_p0      |    13|          3|   64|        192|
    |grp_fu_156_p1      |    13|          3|   64|        192|
    +-------------------+------+-----------+-----+-----------+
    |Total              |  1193|        234|  515|       2757|
    +-------------------+------+-----------+-----+-----------+

    * Register: 
    +---------------------+-----+----+-----+-----------+
    |         Name        |  FF | LUT| Bits| Const Bits|
    +---------------------+-----+----+-----+-----------+
    |ang_mod_1_reg_584    |   64|   0|   64|          0|
    |ang_mod_2_reg_594    |   64|   0|   64|          0|
    |ang_mod_5_reg_612    |   64|   0|   64|          0|
    |ap_CS_fsm            |  190|   0|  190|          0|
    |in_r_read_reg_534    |   64|   0|   64|          0|
    |mask_reg_573         |   52|   0|   52|          0|
    |or_ln20_reg_589      |    1|   0|    1|          0|
    |quotient_reg_579     |   64|   0|   64|          0|
    |reg_167              |   64|   0|   64|          0|
    |reg_172              |   64|   0|   64|          0|
    |reg_179              |   64|   0|   64|          0|
    |sign_reg_635         |    1|   0|   64|         63|
    |tmp_1_reg_602        |    1|   0|    1|          0|
    |tmp_3_reg_607        |    1|   0|    1|          0|
    |trunc_ln479_reg_568  |   63|   0|   63|          0|
    |x4_reg_618           |   64|   0|   64|          0|
    |x6_reg_624           |   64|   0|   64|          0|
    |x8_reg_630           |   64|   0|   64|          0|
    |xs_exp_reg_549       |   11|   0|   11|          0|
    |xs_sig_reg_557       |   52|   0|   52|          0|
    |xs_sign_reg_540      |    1|   0|    1|          0|
    +---------------------+-----+----+-----+-----------+
    |Total                | 1077|   0| 1140|         63|
    +---------------------+-----+----+-----+-----------+



================================================================
== Interface
================================================================
* Summary: 
+--------------------+-----+-----+------------+--------------+--------------+
|      RTL Ports     | Dir | Bits|  Protocol  | Source Object|    C Type    |
+--------------------+-----+-----+------------+--------------+--------------+
|s_axi_CTRL_AWVALID  |   in|    1|       s_axi|          CTRL|       pointer|
|s_axi_CTRL_AWREADY  |  out|    1|       s_axi|          CTRL|       pointer|
|s_axi_CTRL_AWADDR   |   in|    6|       s_axi|          CTRL|       pointer|
|s_axi_CTRL_WVALID   |   in|    1|       s_axi|          CTRL|       pointer|
|s_axi_CTRL_WREADY   |  out|    1|       s_axi|          CTRL|       pointer|
|s_axi_CTRL_WDATA    |   in|   32|       s_axi|          CTRL|       pointer|
|s_axi_CTRL_WSTRB    |   in|    4|       s_axi|          CTRL|       pointer|
|s_axi_CTRL_ARVALID  |   in|    1|       s_axi|          CTRL|       pointer|
|s_axi_CTRL_ARREADY  |  out|    1|       s_axi|          CTRL|       pointer|
|s_axi_CTRL_ARADDR   |   in|    6|       s_axi|          CTRL|       pointer|
|s_axi_CTRL_RVALID   |  out|    1|       s_axi|          CTRL|       pointer|
|s_axi_CTRL_RREADY   |   in|    1|       s_axi|          CTRL|       pointer|
|s_axi_CTRL_RDATA    |  out|   32|       s_axi|          CTRL|       pointer|
|s_axi_CTRL_RRESP    |  out|    2|       s_axi|          CTRL|       pointer|
|s_axi_CTRL_BVALID   |  out|    1|       s_axi|          CTRL|       pointer|
|s_axi_CTRL_BREADY   |   in|    1|       s_axi|          CTRL|       pointer|
|s_axi_CTRL_BRESP    |  out|    2|       s_axi|          CTRL|       pointer|
|ap_clk              |   in|    1|  ap_ctrl_hs|   trig_approx|  return value|
|ap_rst_n            |   in|    1|  ap_ctrl_hs|   trig_approx|  return value|
|interrupt           |  out|    1|  ap_ctrl_hs|   trig_approx|  return value|
+--------------------+-----+-----+------------+--------------+--------------+

