

================================================================
== Vitis HLS Report for 'trig_approx'
================================================================
* Date:           Tue Feb 11 01:09:26 2025

* Version:        2024.2 (Build 5238294 on Nov  8 2024)
* Project:        trig_approx
* Solution:       hls (Vivado IP Flow Target)
* Product family: artix7
* Target device:  xc7a35t-cpg236-1


================================================================
== Performance Estimates
================================================================
+ Timing: 
    * Summary: 
    +--------+----------+----------+------------+
    |  Clock |  Target  | Estimated| Uncertainty|
    +--------+----------+----------+------------+
    |ap_clk  |  10.00 ns|  8.757 ns|     2.00 ns|
    +--------+----------+----------+------------+

+ Latency: 
    * Summary: 
    +---------+---------+----------+----------+-----+-----+---------+
    |  Latency (cycles) |  Latency (absolute) |  Interval | Pipeline|
    |   min   |   max   |    min   |    max   | min | max |   Type  |
    +---------+---------+----------+----------+-----+-----+---------+
    |      207|      207|  2.070 us|  2.070 us|  208|  208|       no|
    +---------+---------+----------+----------+-----+-----+---------+

    + Detail: 
        * Instance: 
        N/A

        * Loop: 
        N/A



================================================================
== Utilization Estimates
================================================================
* Summary: 
+-----------------+---------+----+-------+-------+-----+
|       Name      | BRAM_18K| DSP|   FF  |  LUT  | URAM|
+-----------------+---------+----+-------+-------+-----+
|DSP              |        -|   -|      -|      -|    -|
|Expression       |        -|   -|      0|   1859|    -|
|FIFO             |        -|   -|      -|      -|    -|
|Instance         |        0|  28|   2070|   2271|    -|
|Memory           |        2|   -|    256|     28|    -|
|Multiplexer      |        -|   -|      0|   1315|    -|
|Register         |        -|   -|   1618|      -|    -|
+-----------------+---------+----+-------+-------+-----+
|Total            |        2|  28|   3944|   5473|    0|
+-----------------+---------+----+-------+-------+-----+
|Available        |      100|  90|  41600|  20800|    0|
+-----------------+---------+----+-------+-------+-----+
|Utilization (%)  |        2|  31|      9|     26|    0|
+-----------------+---------+----+-------+-------+-----+

+ Detail: 
    * Instance: 
    +---------------------------------------+------------------------------------+---------+----+-----+-----+-----+
    |                Instance               |               Module               | BRAM_18K| DSP|  FF | LUT | URAM|
    +---------------------------------------+------------------------------------+---------+----+-----+-----+-----+
    |CTRL_s_axi_U                           |CTRL_s_axi                          |        0|   0|  176|  296|    0|
    |dadd_64ns_64ns_64_7_full_dsp_1_U2      |dadd_64ns_64ns_64_7_full_dsp_1      |        0|   3|  630|  777|    0|
    |dadddsub_64ns_64ns_64_7_full_dsp_1_U1  |dadddsub_64ns_64ns_64_7_full_dsp_1  |        0|   3|  630|  777|    0|
    |dcmp_64ns_64ns_1_2_no_dsp_1_U6         |dcmp_64ns_64ns_1_2_no_dsp_1         |        0|   0|    0|    0|    0|
    |ddiv_64ns_64ns_64_59_no_dsp_1_U5       |ddiv_64ns_64ns_64_59_no_dsp_1       |        0|   0|    0|    0|    0|
    |dmul_64ns_64ns_64_6_max_dsp_1_U3       |dmul_64ns_64ns_64_6_max_dsp_1       |        0|  11|  317|  204|    0|
    |dmul_64ns_64ns_64_6_max_dsp_1_U4       |dmul_64ns_64ns_64_6_max_dsp_1       |        0|  11|  317|  204|    0|
    |sparsemux_9_3_64_1_1_U7                |sparsemux_9_3_64_1_1                |        0|   0|    0|   13|    0|
    +---------------------------------------+------------------------------------+---------+----+-----+-----+-----+
    |Total                                  |                                    |        0|  28| 2070| 2271|    0|
    +---------------------------------------+------------------------------------+---------+----+-----+-----+-----+

    * DSP: 
    N/A

    * Memory: 
    +---------------+-------------------------+---------+----+----+-----+------+-----+------+-------------+
    |     Memory    |          Module         | BRAM_18K| FF | LUT| URAM| Words| Bits| Banks| W*Bits*Banks|
    +---------------+-------------------------+---------+----+----+-----+------+-----+------+-------------+
    |mask_table_U   |mask_table_ROM_AUTO_1R   |        2|   0|   0|    0|    64|   52|     1|         3328|
    |tanparams_a_U  |tanparams_a_ROM_AUTO_1R  |        0|  64|   7|    0|     7|   64|     1|          448|
    |tanparams_b_U  |tanparams_b_ROM_AUTO_1R  |        0|  64|   7|    0|     7|   64|     1|          448|
    |tanparams_c_U  |tanparams_c_ROM_AUTO_1R  |        0|  64|   7|    0|     7|   64|     1|          448|
    |tanparams_d_U  |tanparams_d_ROM_AUTO_1R  |        0|  64|   7|    0|     7|   64|     1|          448|
    +---------------+-------------------------+---------+----+----+-----+------+-----+------+-------------+
    |Total          |                         |        2| 256|  28|    0|    92|  308|     5|         5120|
    +---------------+-------------------------+---------+----+----+-----+------+-----+------+-------------+

    * FIFO: 
    N/A

    * Expression: 
    +-----------------------+----------+----+---+-----+------------+------------+
    |     Variable Name     | Operation| DSP| FF| LUT | Bitwidth P0| Bitwidth P1|
    +-----------------------+----------+----+---+-----+------------+------------+
    |add_ln486_fu_619_p2    |         +|   0|  0|   19|          12|          11|
    |data_1_fu_349_p2       |         +|   0|  0|   71|          64|          64|
    |result_2_fu_710_p2     |         -|   0|  0|   11|           1|           3|
    |sub_ln18_fu_633_p2     |         -|   0|  0|   18|          10|          11|
    |u_1_fu_787_p2          |         -|   0|  0|   71|          63|          64|
    |and_ln19_1_fu_462_p2   |       and|   0|  0|    2|           1|           1|
    |and_ln19_fu_457_p2     |       and|   0|  0|    2|           1|           1|
    |and_ln20_fu_535_p2     |       and|   0|  0|    2|           1|           1|
    |and_ln22_fu_801_p2     |       and|   0|  0|    2|           1|           1|
    |and_ln24_fu_423_p2     |       and|   0|  0|    2|           1|           1|
    |and_ln73_fu_818_p2     |       and|   0|  0|    2|           1|           1|
    |xs_sig_3_fu_397_p2     |       and|   0|  0|   52|          52|          52|
    |xs_sign_2_fu_375_p2    |       and|   0|  0|    2|           1|           1|
    |icmp_ln18_fu_318_p2    |      icmp|   0|  0|   18|          11|          10|
    |icmp_ln19_1_fu_446_p2  |      icmp|   0|  0|   18|          11|           1|
    |icmp_ln19_fu_441_p2    |      icmp|   0|  0|   59|          52|           1|
    |icmp_ln20_1_fu_525_p2  |      icmp|   0|  0|   59|          52|           1|
    |icmp_ln20_fu_519_p2    |      icmp|   0|  0|   18|          11|           2|
    |icmp_ln22_1_fu_572_p2  |      icmp|   0|  0|   59|          52|           1|
    |icmp_ln22_fu_566_p2    |      icmp|   0|  0|   18|          11|           2|
    |icmp_ln24_fu_323_p2    |      icmp|   0|  0|   18|          11|          11|
    |icmp_ln73_1_fu_765_p2  |      icmp|   0|  0|   59|          52|           1|
    |icmp_ln73_fu_759_p2    |      icmp|   0|  0|   18|          11|           2|
    |lshr_ln18_fu_671_p2    |      lshr|   0|  0|  460|         137|         137|
    |or_ln19_fu_451_p2      |        or|   0|  0|    2|           1|           1|
    |or_ln20_fu_531_p2      |        or|   0|  0|    2|           1|           1|
    |or_ln22_fu_797_p2      |        or|   0|  0|    2|           1|           1|
    |or_ln24_fu_429_p2      |        or|   0|  0|    2|           1|           1|
    |or_ln73_fu_814_p2      |        or|   0|  0|    2|           1|           1|
    |ang_mod_4_fu_541_p3    |    select|   0|  0|   64|           1|          64|
    |out_r                  |    select|   0|  0|   64|           1|          63|
    |result_5_fu_716_p3     |    select|   0|  0|    3|           1|           3|
    |select_ln18_fu_643_p3  |    select|   0|  0|   12|           1|          12|
    |sign_fu_806_p3         |    select|   0|  0|   64|           1|          64|
    |val_fu_703_p3          |    select|   0|  0|    3|           1|           3|
    |xs_exp_3_fu_380_p3     |    select|   0|  0|   11|           1|          11|
    |xs_sig_2_fu_386_p3     |    select|   0|  0|   52|           1|          52|
    |shl_ln18_fu_677_p2     |       shl|   0|  0|  460|         137|         137|
    |xor_ln18_fu_417_p2     |       xor|   0|  0|    2|           1|           2|
    |xor_ln24_fu_435_p2     |       xor|   0|  0|    2|           1|           2|
    |xor_ln39_fu_392_p2     |       xor|   0|  0|   52|          52|           2|
    +-----------------------+----------+----+---+-----+------------+------------+
    |Total                  |          |   0|  0| 1859|         824|         801|
    +-----------------------+----------+----+---+-----+------------+------------+

    * Multiplexer: 
    +-------------------+------+-----------+-----+-----------+
    |        Name       |  LUT | Input Size| Bits| Total Bits|
    +-------------------+------+-----------+-----+-----------+
    |ap_NS_fsm          |  1109|        209|    1|        209|
    |grp_fu_220_opcode  |    13|          3|    2|          6|
    |grp_fu_220_p0      |    25|          6|   64|        384|
    |grp_fu_220_p1      |    21|          5|   64|        320|
    |grp_fu_231_p0      |    33|          8|   64|        512|
    |grp_fu_231_p1      |    41|         10|   64|        640|
    |grp_fu_242_p0      |    13|          3|   64|        192|
    |grp_fu_242_p1      |    13|          3|   64|        192|
    |grp_fu_249_opcode  |    13|          3|    5|         15|
    |grp_fu_249_p0      |    17|          4|   64|        256|
    |grp_fu_249_p1      |    17|          4|   64|        256|
    +-------------------+------+-----------+-----+-----------+
    |Total              |  1315|        258|  520|       2982|
    +-------------------+------+-----------+-----+-----------+

    * Register: 
    +----------------------+-----+----+-----+-----------+
    |         Name         |  FF | LUT| Bits| Const Bits|
    +----------------------+-----+----+-----+-----------+
    |ang_mod_4_reg_902     |   64|   0|   64|          0|
    |ang_mod_5_reg_918     |   63|   0|   64|          1|
    |ap_CS_fsm             |  208|   0|  208|          0|
    |dc_reg_842            |   64|   0|   64|          0|
    |icmp_ln20_1_reg_897   |    1|   0|    1|          0|
    |icmp_ln20_reg_892     |    1|   0|    1|          0|
    |icmp_ln22_1_reg_913   |    1|   0|    1|          0|
    |icmp_ln22_reg_908     |    1|   0|    1|          0|
    |icmp_ln73_1_reg_1017  |    1|   0|    1|          0|
    |icmp_ln73_reg_1012    |    1|   0|    1|          0|
    |in_r_read_reg_836     |   64|   0|   64|          0|
    |mask_reg_881          |   52|   0|   52|          0|
    |mul1_i1_reg_1002      |   64|   0|   64|          0|
    |mul3_i_reg_1049       |   64|   0|   64|          0|
    |p_a_reg_972           |   64|   0|   64|          0|
    |p_b_reg_992           |   64|   0|   64|          0|
    |p_c_reg_977           |   64|   0|   64|          0|
    |p_d_reg_997           |   64|   0|   64|          0|
    |quotient_reg_887      |   64|   0|   64|          0|
    |reg_256               |   64|   0|   64|          0|
    |reg_265               |   64|   0|   64|          0|
    |reg_271               |   64|   0|   64|          0|
    |result_5_reg_951      |    3|   0|    3|          0|
    |select_ln18_reg_946   |   12|   0|   12|          0|
    |sign_reg_1054         |    1|   0|   64|         63|
    |tmp_11_reg_941        |    1|   0|    1|          0|
    |tmp_3_reg_926         |    1|   0|    1|          0|
    |tmp_6_reg_1022        |    1|   0|    1|          0|
    |trunc_ln2_reg_1033    |   63|   0|   63|          0|
    |trunc_ln479_reg_876   |   63|   0|   63|          0|
    |trunc_ln505_reg_936   |   52|   0|   52|          0|
    |u_1_reg_1038          |   64|   0|   64|          0|
    |u_reg_1027            |   64|   0|   64|          0|
    |xs_exp_1_reg_857      |   11|   0|   11|          0|
    |xs_sig_reg_865        |   52|   0|   52|          0|
    |xs_sign_3_reg_931     |    1|   0|    1|          0|
    |xs_sign_reg_848       |    1|   0|    1|          0|
    |y_reg_1043            |   64|   0|   64|          0|
    |zext_ln78_reg_956     |    3|   0|   64|         61|
    +----------------------+-----+----+-----+-----------+
    |Total                 | 1618|   0| 1743|        125|
    +----------------------+-----+----+-----+-----------+



================================================================
== Interface
================================================================
* Summary: 
+--------------------+-----+-----+------------+--------------+--------------+
|      RTL Ports     | Dir | Bits|  Protocol  | Source Object|    C Type    |
+--------------------+-----+-----+------------+--------------+--------------+
|s_axi_CTRL_AWVALID  |   in|    1|       s_axi|          CTRL|       pointer|
|s_axi_CTRL_AWREADY  |  out|    1|       s_axi|          CTRL|       pointer|
|s_axi_CTRL_AWADDR   |   in|    6|       s_axi|          CTRL|       pointer|
|s_axi_CTRL_WVALID   |   in|    1|       s_axi|          CTRL|       pointer|
|s_axi_CTRL_WREADY   |  out|    1|       s_axi|          CTRL|       pointer|
|s_axi_CTRL_WDATA    |   in|   32|       s_axi|          CTRL|       pointer|
|s_axi_CTRL_WSTRB    |   in|    4|       s_axi|          CTRL|       pointer|
|s_axi_CTRL_ARVALID  |   in|    1|       s_axi|          CTRL|       pointer|
|s_axi_CTRL_ARREADY  |  out|    1|       s_axi|          CTRL|       pointer|
|s_axi_CTRL_ARADDR   |   in|    6|       s_axi|          CTRL|       pointer|
|s_axi_CTRL_RVALID   |  out|    1|       s_axi|          CTRL|       pointer|
|s_axi_CTRL_RREADY   |   in|    1|       s_axi|          CTRL|       pointer|
|s_axi_CTRL_RDATA    |  out|   32|       s_axi|          CTRL|       pointer|
|s_axi_CTRL_RRESP    |  out|    2|       s_axi|          CTRL|       pointer|
|s_axi_CTRL_BVALID   |  out|    1|       s_axi|          CTRL|       pointer|
|s_axi_CTRL_BREADY   |   in|    1|       s_axi|          CTRL|       pointer|
|s_axi_CTRL_BRESP    |  out|    2|       s_axi|          CTRL|       pointer|
|ap_clk              |   in|    1|  ap_ctrl_hs|   trig_approx|  return value|
|ap_rst_n            |   in|    1|  ap_ctrl_hs|   trig_approx|  return value|
|interrupt           |  out|    1|  ap_ctrl_hs|   trig_approx|  return value|
+--------------------+-----+-----+------------+--------------+--------------+

