

================================================================
== Synthesis Summary Report of 'trig_approx'
================================================================
+ General Information: 
    * Date:           Tue Feb 11 00:59:55 2025
    * Version:        2024.2 (Build 5238294 on Nov  8 2024)
    * Project:        trig_approx
    * Solution:       hls (Vivado IP Flow Target)
    * Product family: artix7
    * Target device:  xc7a35t-cpg236-1
    

+ Performance & Resource Estimates: 
    
    PS: '+' for module; 'o' for loop; '*' for dataflow
    +---------------+--------+-------+---------+-----------+----------+---------+------+----------+--------+----------+------------+------------+-----+
    |    Modules    |  Issue |       | Latency |  Latency  | Iteration|         | Trip |          |        |          |            |            |     |
    |    & Loops    |  Type  | Slack | (cycles)|    (ns)   |  Latency | Interval| Count| Pipelined|  BRAM  |    DSP   |     FF     |     LUT    | URAM|
    +---------------+--------+-------+---------+-----------+----------+---------+------+----------+--------+----------+------------+------------+-----+
    |+ trig_approx  |  Timing|  -0.47|      215|  2.150e+03|         -|      216|     -|        no|  2 (2%)|  39 (43%)|  4396 (10%)|  5633 (27%)|    -|
    +---------------+--------+-------+---------+-----------+----------+---------+------+----------+--------+----------+------------+------------+-----+


================================================================
== HW Interfaces
================================================================
* S_AXILITE Interfaces
+------------+------------+---------------+--------+----------+
| Interface  | Data Width | Address Width | Offset | Register |
+------------+------------+---------------+--------+----------+
| s_axi_CTRL | 32         | 6             | 16     | 0        |
+------------+------------+---------------+--------+----------+

* S_AXILITE Registers
+------------+------------+--------+-------+--------+----------------------------------+----------------------------------------------------------------------+
| Interface  | Register   | Offset | Width | Access | Description                      | Bit Fields                                                           |
+------------+------------+--------+-------+--------+----------------------------------+----------------------------------------------------------------------+
| s_axi_CTRL | CTRL       | 0x00   | 32    | RW     | Control signals                  | 0=AP_START 1=AP_DONE 2=AP_IDLE 3=AP_READY 7=AUTO_RESTART 9=INTERRUPT |
| s_axi_CTRL | GIER       | 0x04   | 32    | RW     | Global Interrupt Enable Register | 0=Enable                                                             |
| s_axi_CTRL | IP_IER     | 0x08   | 32    | RW     | IP Interrupt Enable Register     | 0=CHAN0_INT_EN 1=CHAN1_INT_EN                                        |
| s_axi_CTRL | IP_ISR     | 0x0c   | 32    | RW     | IP Interrupt Status Register     | 0=CHAN0_INT_ST 1=CHAN1_INT_ST                                        |
| s_axi_CTRL | in_r_1     | 0x10   | 32    | W      | Data signal of in_r              |                                                                      |
| s_axi_CTRL | in_r_2     | 0x14   | 32    | W      | Data signal of in_r              |                                                                      |
| s_axi_CTRL | out_r_1    | 0x1c   | 32    | R      | Data signal of out_r             |                                                                      |
| s_axi_CTRL | out_r_2    | 0x20   | 32    | R      | Data signal of out_r             |                                                                      |
| s_axi_CTRL | out_r_ctrl | 0x24   | 32    | R      | Control signal of out_r          | 0=out_r_ap_vld                                                       |
+------------+------------+--------+-------+--------+----------------------------------+----------------------------------------------------------------------+

* TOP LEVEL CONTROL
+-----------+------------+-----------+
| Interface | Type       | Ports     |
+-----------+------------+-----------+
| ap_clk    | clock      | ap_clk    |
| ap_rst_n  | reset      | ap_rst_n  |
| interrupt | interrupt  | interrupt |
| ap_ctrl   | ap_ctrl_hs |           |
+-----------+------------+-----------+


================================================================
== SW I/O Information
================================================================
* Top Function Arguments
+----------+-----------+----------+
| Argument | Direction | Datatype |
+----------+-----------+----------+
| in       | in        | double   |
| out      | out       | double*  |
+----------+-----------+----------+

* SW-to-HW Mapping
+----------+--------------+----------+--------------------------------------+
| Argument | HW Interface | HW Type  | HW Info                              |
+----------+--------------+----------+--------------------------------------+
| in       | s_axi_CTRL   | register | name=in_r_1 offset=0x10 range=32     |
| in       | s_axi_CTRL   | register | name=in_r_2 offset=0x14 range=32     |
| out      | s_axi_CTRL   | register | name=out_r_1 offset=0x1c range=32    |
| out      | s_axi_CTRL   | register | name=out_r_2 offset=0x20 range=32    |
| out      | s_axi_CTRL   | register | name=out_r_ctrl offset=0x24 range=32 |
+----------+--------------+----------+--------------------------------------+


================================================================
== Bind Op Report
================================================================
+-----------------------------------------+-----+--------+-------------+-----------+------------------------+---------+
| Name                                    | DSP | Pragma | Variable    | Op        | Impl                   | Latency |
+-----------------------------------------+-----+--------+-------------+-----------+------------------------+---------+
| + trig_approx                           | 39  |        |             |           |                        |         |
|   ddiv_64ns_64ns_64_59_no_dsp_1_U6      |     |        | dc          | ddiv      | fabric                 | 58      |
|   icmp_ln18_fu_337_p2                   |     |        | icmp_ln18   | setlt     | auto                   | 0       |
|   icmp_ln24_fu_342_p2                   |     |        | icmp_ln24   | setgt     | auto                   | 0       |
|   data_2_fu_368_p2                      |     |        | data_2      | add       | fabric                 | 0       |
|   xs_sign_2_fu_394_p2                   |     |        | xs_sign_2   | and       | auto                   | 0       |
|   xs_exp_3_fu_399_p3                    |     |        | xs_exp_3    | select    | auto_sel               | 0       |
|   xs_sig_2_fu_405_p3                    |     |        | xs_sig_2    | select    | auto_sel               | 0       |
|   xor_ln39_fu_411_p2                    |     |        | xor_ln39    | xor       | auto                   | 0       |
|   xs_sig_3_fu_416_p2                    |     |        | xs_sig_3    | and       | auto                   | 0       |
|   xor_ln18_fu_436_p2                    |     |        | xor_ln18    | xor       | auto                   | 0       |
|   and_ln24_fu_442_p2                    |     |        | and_ln24    | and       | auto                   | 0       |
|   or_ln24_fu_448_p2                     |     |        | or_ln24     | or        | auto                   | 0       |
|   xor_ln24_fu_454_p2                    |     |        | xor_ln24    | xor       | auto                   | 0       |
|   icmp_ln19_fu_460_p2                   |     |        | icmp_ln19   | setne     | auto                   | 0       |
|   icmp_ln19_1_fu_465_p2                 |     |        | icmp_ln19_1 | setne     | auto                   | 0       |
|   or_ln19_fu_470_p2                     |     |        | or_ln19     | or        | auto                   | 0       |
|   and_ln19_fu_476_p2                    |     |        | and_ln19    | and       | auto                   | 0       |
|   and_ln19_1_fu_481_p2                  |     |        | and_ln19_1  | and       | auto                   | 0       |
|   sparsemux_9_3_64_1_1_U9               |     |        | quotient    | sparsemux | onehotencoding_realdef | 0       |
|   dmul_64ns_64ns_64_6_max_dsp_1_U3      | 11  |        | mul_i       | dmul      | maxdsp                 | 5       |
|   dadddsub_64ns_64ns_64_7_full_dsp_1_U1 | 3   |        | ang_mod     | dsub      | fulldsp                | 6       |
|   icmp_ln22_fu_538_p2                   |     |        | icmp_ln22   | setne     | auto                   | 0       |
|   icmp_ln22_1_fu_544_p2                 |     |        | icmp_ln22_1 | seteq     | auto                   | 0       |
|   or_ln22_fu_550_p2                     |     |        | or_ln22     | or        | auto                   | 0       |
|   dcmp_64ns_64ns_1_2_no_dsp_1_U7        |     |        | tmp_2       | dcmp      | auto                   | 1       |
|   and_ln22_1_fu_781_p2                  |     |        | and_ln22_1  | and       | auto                   | 0       |
|   dcmp_64ns_64ns_1_2_no_dsp_1_U8        |     |        | tmp_4       | dcmp      | auto                   | 1       |
|   and_ln22_fu_785_p2                    |     |        | and_ln22    | and       | auto                   | 0       |
|   sign_fu_790_p3                        |     |        | sign        | select    | auto_sel               | 0       |
|   dcmp_64ns_64ns_1_2_no_dsp_1_U7        |     |        | tmp_6       | dcmp      | auto                   | 1       |
|   and_ln23_fu_556_p2                    |     |        | and_ln23    | and       | auto                   | 0       |
|   dadddsub_64ns_64ns_64_7_full_dsp_1_U1 | 3   |        | ang_mod_1   | dsub      | fulldsp                | 6       |
|   ang_mod_2_fu_562_p3                   |     |        | ang_mod_2   | select    | auto_sel               | 0       |
|   icmp_ln25_fu_587_p2                   |     |        | icmp_ln25   | setne     | auto                   | 0       |
|   icmp_ln25_1_fu_593_p2                 |     |        | icmp_ln25_1 | seteq     | auto                   | 0       |
|   or_ln25_fu_599_p2                     |     |        | or_ln25     | or        | auto                   | 0       |
|   dcmp_64ns_64ns_1_2_no_dsp_1_U7        |     |        | tmp_8       | dcmp      | auto                   | 1       |
|   and_ln25_fu_603_p2                    |     |        | and_ln25    | and       | auto                   | 0       |
|   dadddsub_64ns_64ns_64_7_full_dsp_1_U1 | 3   |        | ang_mod_3   | dsub      | fulldsp                | 6       |
|   ang_mod_5_fu_608_p3                   |     |        | ang_mod_5   | select    | auto_sel               | 0       |
|   ddiv_64ns_64ns_64_59_no_dsp_1_U6      |     |        | dc_1        | ddiv      | fabric                 | 58      |
|   add_ln486_fu_644_p2                   |     |        | add_ln486   | add       | fabric                 | 0       |
|   sub_ln18_fu_658_p2                    |     |        | sub_ln18    | sub       | fabric                 | 0       |
|   select_ln18_fu_668_p3                 |     |        | select_ln18 | select    | auto_sel               | 0       |
|   lshr_ln18_fu_696_p2                   |     |        | lshr_ln18   | lshr      | auto_pipe              | 0       |
|   shl_ln18_fu_702_p2                    |     |        | shl_ln18    | shl       | auto_pipe              | 0       |
|   val_fu_728_p3                         |     |        | val         | select    | auto_sel               | 0       |
|   result_2_fu_735_p2                    |     |        | result_2    | sub       | fabric                 | 0       |
|   result_5_fu_741_p3                    |     |        | result_5    | select    | auto_sel               | 0       |
|   dmul_64ns_64ns_64_6_max_dsp_1_U3      | 11  |        | mul_i6      | dmul      | maxdsp                 | 5       |
|   dadddsub_64ns_64ns_64_7_full_dsp_1_U1 | 3   |        | poly        | dsub      | fulldsp                | 6       |
|   dmul_64ns_64ns_64_6_max_dsp_1_U3      | 11  |        | ang2        | dmul      | maxdsp                 | 5       |
|   dmul_64ns_64ns_64_6_max_dsp_1_U4      | 11  |        | mul2_i      | dmul      | maxdsp                 | 5       |
|   dmul_64ns_64ns_64_6_max_dsp_1_U5      | 11  |        | mul3_i      | dmul      | maxdsp                 | 5       |
|   dadd_64ns_64ns_64_7_full_dsp_1_U2     | 3   |        | add4_i      | dadd      | fulldsp                | 6       |
|   dadddsub_64ns_64ns_64_7_full_dsp_1_U1 | 3   |        | inner       | dsub      | fulldsp                | 6       |
|   dmul_64ns_64ns_64_6_max_dsp_1_U3      | 11  |        | x2          | dmul      | maxdsp                 | 5       |
|   u_1_fu_771_p2                         |     |        | u_1         | sub       | fabric                 | 0       |
|   dmul_64ns_64ns_64_6_max_dsp_1_U3      | 11  |        | mul3_i_i    | dmul      | maxdsp                 | 5       |
|   dmul_64ns_64ns_64_6_max_dsp_1_U3      | 11  |        | mul4_i_i    | dmul      | maxdsp                 | 5       |
|   dadddsub_64ns_64ns_64_7_full_dsp_1_U1 | 3   |        | sub5_i_i    | dsub      | fulldsp                | 6       |
|   dmul_64ns_64ns_64_6_max_dsp_1_U3      | 11  |        | y_3         | dmul      | maxdsp                 | 5       |
|   dmul_64ns_64ns_64_6_max_dsp_1_U3      | 11  |        | result      | dmul      | maxdsp                 | 5       |
|   dmul_64ns_64ns_64_6_max_dsp_1_U3      | 11  |        | result_3    | dmul      | maxdsp                 | 5       |
+-----------------------------------------+-----+--------+-------------+-----------+------------------------+---------+


================================================================
== Storage Report
================================================================
+-----------------+-----------+-----------+------+------+--------+-------------+------+---------+------------------+
| Name            | Usage     | Type      | BRAM | URAM | Pragma | Variable    | Impl | Latency | Bitwidth, Depth, |
|                 |           |           |      |      |        |             |      |         | Banks            |
+-----------------+-----------+-----------+------+------+--------+-------------+------+---------+------------------+
| + trig_approx   |           |           | 2    | 0    |        |             |      |         |                  |
|   CTRL_s_axi_U  | interface | s_axilite |      |      |        |             |      |         |                  |
|   mask_table_U  | rom_1p    |           | 2    |      |        | mask_table  | auto | 1       | 52, 64, 1        |
|   cosparams_c_U | rom_1p    |           |      |      |        | cosparams_c | auto | 1       | 64, 7, 1         |
|   cosparams_d_U | rom_1p    |           |      |      |        | cosparams_d | auto | 1       | 64, 7, 1         |
|   cosparams_x_U | rom_1p    |           |      |      |        | cosparams_x | auto | 1       | 64, 7, 1         |
|   cosparams_y_U | rom_1p    |           |      |      |        | cosparams_y | auto | 1       | 64, 7, 1         |
|   cosparams_z_U | rom_1p    |           |      |      |        | cosparams_z | auto | 1       | 64, 7, 1         |
+-----------------+-----------+-----------+------+------+--------+-------------+------+---------+------------------+


================================================================
== Pragma Report
================================================================
* Valid Pragma Syntax
+-----------+-----------------------------------+------------------------------------------------------------------------------+
| Type      | Options                           | Location                                                                     |
+-----------+-----------------------------------+------------------------------------------------------------------------------+
| interface | s_axilite port=in bundle=CTRL     | ../../SIMD_Vitis_HLS_Functions/myfunc_cos_SIMD.cpp:73 in trig_approx, in     |
| interface | s_axilite port=out bundle=CTRL    | ../../SIMD_Vitis_HLS_Functions/myfunc_cos_SIMD.cpp:74 in trig_approx, out    |
| interface | s_axilite port=return bundle=CTRL | ../../SIMD_Vitis_HLS_Functions/myfunc_cos_SIMD.cpp:75 in trig_approx, return |
+-----------+-----------------------------------+------------------------------------------------------------------------------+


