

================================================================
== Vitis HLS Report for 'trig_approx'
================================================================
* Date:           Tue Feb 11 00:59:55 2025

* Version:        2024.2 (Build 5238294 on Nov  8 2024)
* Project:        trig_approx
* Solution:       hls (Vivado IP Flow Target)
* Product family: artix7
* Target device:  xc7a35t-cpg236-1


================================================================
== Performance Estimates
================================================================
+ Timing: 
    * Summary: 
    +--------+----------+----------+------------+
    |  Clock |  Target  | Estimated| Uncertainty|
    +--------+----------+----------+------------+
    |ap_clk  |  10.00 ns|  8.466 ns|     2.00 ns|
    +--------+----------+----------+------------+

+ Latency: 
    * Summary: 
    +---------+---------+----------+----------+-----+-----+---------+
    |  Latency (cycles) |  Latency (absolute) |  Interval | Pipeline|
    |   min   |   max   |    min   |    max   | min | max |   Type  |
    +---------+---------+----------+----------+-----+-----+---------+
    |      215|      215|  2.150 us|  2.150 us|  216|  216|       no|
    +---------+---------+----------+----------+-----+-----+---------+

    + Detail: 
        * Instance: 
        N/A

        * Loop: 
        N/A



================================================================
== Utilization Estimates
================================================================
* Summary: 
+-----------------+---------+----+-------+-------+-----+
|       Name      | BRAM_18K| DSP|   FF  |  LUT  | URAM|
+-----------------+---------+----+-------+-------+-----+
|DSP              |        -|   -|      -|      -|    -|
|Expression       |        -|   -|      0|   1782|    -|
|FIFO             |        -|   -|      -|      -|    -|
|Instance         |        0|  39|   2387|   2475|    -|
|Memory           |        2|   -|    320|     35|    -|
|Multiplexer      |        -|   -|      0|   1341|    -|
|Register         |        -|   -|   1689|      -|    -|
+-----------------+---------+----+-------+-------+-----+
|Total            |        2|  39|   4396|   5633|    0|
+-----------------+---------+----+-------+-------+-----+
|Available        |      100|  90|  41600|  20800|    0|
+-----------------+---------+----+-------+-------+-----+
|Utilization (%)  |        2|  43|     10|     27|    0|
+-----------------+---------+----+-------+-------+-----+

+ Detail: 
    * Instance: 
    +---------------------------------------+------------------------------------+---------+----+-----+-----+-----+
    |                Instance               |               Module               | BRAM_18K| DSP|  FF | LUT | URAM|
    +---------------------------------------+------------------------------------+---------+----+-----+-----+-----+
    |CTRL_s_axi_U                           |CTRL_s_axi                          |        0|   0|  176|  296|    0|
    |dadd_64ns_64ns_64_7_full_dsp_1_U2      |dadd_64ns_64ns_64_7_full_dsp_1      |        0|   3|  630|  777|    0|
    |dadddsub_64ns_64ns_64_7_full_dsp_1_U1  |dadddsub_64ns_64ns_64_7_full_dsp_1  |        0|   3|  630|  777|    0|
    |dcmp_64ns_64ns_1_2_no_dsp_1_U7         |dcmp_64ns_64ns_1_2_no_dsp_1         |        0|   0|    0|    0|    0|
    |dcmp_64ns_64ns_1_2_no_dsp_1_U8         |dcmp_64ns_64ns_1_2_no_dsp_1         |        0|   0|    0|    0|    0|
    |ddiv_64ns_64ns_64_59_no_dsp_1_U6       |ddiv_64ns_64ns_64_59_no_dsp_1       |        0|   0|    0|    0|    0|
    |dmul_64ns_64ns_64_6_max_dsp_1_U3       |dmul_64ns_64ns_64_6_max_dsp_1       |        0|  11|  317|  204|    0|
    |dmul_64ns_64ns_64_6_max_dsp_1_U4       |dmul_64ns_64ns_64_6_max_dsp_1       |        0|  11|  317|  204|    0|
    |dmul_64ns_64ns_64_6_max_dsp_1_U5       |dmul_64ns_64ns_64_6_max_dsp_1       |        0|  11|  317|  204|    0|
    |sparsemux_9_3_64_1_1_U9                |sparsemux_9_3_64_1_1                |        0|   0|    0|   13|    0|
    +---------------------------------------+------------------------------------+---------+----+-----+-----+-----+
    |Total                                  |                                    |        0|  39| 2387| 2475|    0|
    +---------------------------------------+------------------------------------+---------+----+-----+-----+-----+

    * DSP: 
    N/A

    * Memory: 
    +---------------+-------------------------+---------+----+----+-----+------+-----+------+-------------+
    |     Memory    |          Module         | BRAM_18K| FF | LUT| URAM| Words| Bits| Banks| W*Bits*Banks|
    +---------------+-------------------------+---------+----+----+-----+------+-----+------+-------------+
    |cosparams_c_U  |cosparams_c_ROM_AUTO_1R  |        0|  64|   7|    0|     7|   64|     1|          448|
    |cosparams_d_U  |cosparams_d_ROM_AUTO_1R  |        0|  64|   7|    0|     7|   64|     1|          448|
    |cosparams_x_U  |cosparams_x_ROM_AUTO_1R  |        0|  64|   7|    0|     7|   64|     1|          448|
    |cosparams_y_U  |cosparams_y_ROM_AUTO_1R  |        0|  64|   7|    0|     7|   64|     1|          448|
    |cosparams_z_U  |cosparams_z_ROM_AUTO_1R  |        0|  64|   7|    0|     7|   64|     1|          448|
    |mask_table_U   |mask_table_ROM_AUTO_1R   |        2|   0|   0|    0|    64|   52|     1|         3328|
    +---------------+-------------------------+---------+----+----+-----+------+-----+------+-------------+
    |Total          |                         |        2| 320|  35|    0|    99|  372|     6|         5568|
    +---------------+-------------------------+---------+----+----+-----+------+-----+------+-------------+

    * FIFO: 
    N/A

    * Expression: 
    +-----------------------+----------+----+---+-----+------------+------------+
    |     Variable Name     | Operation| DSP| FF| LUT | Bitwidth P0| Bitwidth P1|
    +-----------------------+----------+----+---+-----+------------+------------+
    |add_ln486_fu_644_p2    |         +|   0|  0|   19|          12|          11|
    |data_2_fu_368_p2       |         +|   0|  0|   71|          64|          64|
    |result_2_fu_735_p2     |         -|   0|  0|   11|           1|           3|
    |sub_ln18_fu_658_p2     |         -|   0|  0|   18|          10|          11|
    |u_1_fu_771_p2          |         -|   0|  0|   71|          63|          64|
    |and_ln19_1_fu_481_p2   |       and|   0|  0|    2|           1|           1|
    |and_ln19_fu_476_p2     |       and|   0|  0|    2|           1|           1|
    |and_ln22_1_fu_781_p2   |       and|   0|  0|    2|           1|           1|
    |and_ln22_fu_785_p2     |       and|   0|  0|    2|           1|           1|
    |and_ln23_fu_556_p2     |       and|   0|  0|    2|           1|           1|
    |and_ln24_fu_442_p2     |       and|   0|  0|    2|           1|           1|
    |and_ln25_fu_603_p2     |       and|   0|  0|    2|           1|           1|
    |xs_sig_3_fu_416_p2     |       and|   0|  0|   52|          52|          52|
    |xs_sign_2_fu_394_p2    |       and|   0|  0|    2|           1|           1|
    |icmp_ln18_fu_337_p2    |      icmp|   0|  0|   18|          11|          10|
    |icmp_ln19_1_fu_465_p2  |      icmp|   0|  0|   18|          11|           1|
    |icmp_ln19_fu_460_p2    |      icmp|   0|  0|   59|          52|           1|
    |icmp_ln22_1_fu_544_p2  |      icmp|   0|  0|   59|          52|           1|
    |icmp_ln22_fu_538_p2    |      icmp|   0|  0|   18|          11|           2|
    |icmp_ln24_fu_342_p2    |      icmp|   0|  0|   18|          11|          11|
    |icmp_ln25_1_fu_593_p2  |      icmp|   0|  0|   59|          52|           1|
    |icmp_ln25_fu_587_p2    |      icmp|   0|  0|   18|          11|           2|
    |lshr_ln18_fu_696_p2    |      lshr|   0|  0|  460|         137|         137|
    |or_ln19_fu_470_p2      |        or|   0|  0|    2|           1|           1|
    |or_ln22_fu_550_p2      |        or|   0|  0|    2|           1|           1|
    |or_ln24_fu_448_p2      |        or|   0|  0|    2|           1|           1|
    |or_ln25_fu_599_p2      |        or|   0|  0|    2|           1|           1|
    |ang_mod_2_fu_562_p3    |    select|   0|  0|   64|           1|          64|
    |ang_mod_5_fu_608_p3    |    select|   0|  0|   64|           1|          64|
    |result_5_fu_741_p3     |    select|   0|  0|    3|           1|           3|
    |select_ln18_fu_668_p3  |    select|   0|  0|   12|           1|          12|
    |sign_fu_790_p3         |    select|   0|  0|   64|           1|          64|
    |val_fu_728_p3          |    select|   0|  0|    3|           1|           3|
    |xs_exp_3_fu_399_p3     |    select|   0|  0|   11|           1|          11|
    |xs_sig_2_fu_405_p3     |    select|   0|  0|   52|           1|          52|
    |shl_ln18_fu_702_p2     |       shl|   0|  0|  460|         137|         137|
    |xor_ln18_fu_436_p2     |       xor|   0|  0|    2|           1|           2|
    |xor_ln24_fu_454_p2     |       xor|   0|  0|    2|           1|           2|
    |xor_ln39_fu_411_p2     |       xor|   0|  0|   52|          52|           2|
    +-----------------------+----------+----+---+-----+------------+------------+
    |Total                  |          |   0|  0| 1782|         761|         799|
    +-----------------------+----------+----+---+-----+------------+------------+

    * Multiplexer: 
    +-------------------+------+-----------+-----+-----------+
    |        Name       |  LUT | Input Size| Bits| Total Bits|
    +-------------------+------+-----------+-----+-----------+
    |ap_NS_fsm          |  1152|        217|    1|        217|
    |grp_fu_229_opcode  |    13|          3|    2|          6|
    |grp_fu_229_p0      |    29|          7|   64|        448|
    |grp_fu_229_p1      |    25|          6|   64|        384|
    |grp_fu_240_p0      |    33|          8|   64|        512|
    |grp_fu_240_p1      |    37|          9|   64|        576|
    |grp_fu_254_p0      |    13|          3|   64|        192|
    |grp_fu_254_p1      |    13|          3|   64|        192|
    |grp_fu_261_p0      |    13|          3|   64|        192|
    |grp_fu_261_p1      |    13|          3|   64|        192|
    +-------------------+------+-----------+-----+-----------+
    |Total              |  1341|        262|  515|       2911|
    +-------------------+------+-----------+-----+-----------+

    * Register: 
    +---------------------+-----+----+-----+-----------+
    |         Name        |  FF | LUT| Bits| Const Bits|
    +---------------------+-----+----+-----+-----------+
    |add4_i_reg_996       |   64|   0|   64|          0|
    |ang_mod_2_reg_864    |   64|   0|   64|          0|
    |ang_mod_5_reg_897    |   64|   0|   64|          0|
    |ap_CS_fsm            |  216|   0|  216|          0|
    |dc_reg_809           |   64|   0|   64|          0|
    |icmp_ln25_1_reg_887  |    1|   0|    1|          0|
    |icmp_ln25_reg_882    |    1|   0|    1|          0|
    |in_r_read_reg_803    |   64|   0|   64|          0|
    |mask_reg_848         |   52|   0|   52|          0|
    |mul2_i_reg_976       |   64|   0|   64|          0|
    |mul3_i_reg_981       |   64|   0|   64|          0|
    |or_ln22_reg_859      |    1|   0|    1|          0|
    |p_c_reg_951          |   64|   0|   64|          0|
    |p_d_reg_971          |   64|   0|   64|          0|
    |p_x_reg_956          |   64|   0|   64|          0|
    |p_y_reg_961          |   64|   0|   64|          0|
    |p_z_reg_991          |   64|   0|   64|          0|
    |quotient_reg_854     |   64|   0|   64|          0|
    |reg_272              |   64|   0|   64|          0|
    |reg_281              |   64|   0|   64|          0|
    |reg_289              |   64|   0|   64|          0|
    |result_5_reg_925     |    3|   0|    3|          0|
    |select_ln18_reg_920  |   12|   0|   12|          0|
    |sign_reg_1017        |    1|   0|   64|         63|
    |tmp_2_reg_872        |    1|   0|    1|          0|
    |tmp_4_reg_877        |    1|   0|    1|          0|
    |tmp_8_reg_892        |    1|   0|    1|          0|
    |tmp_reg_915          |    1|   0|    1|          0|
    |trunc_ln2_reg_1001   |   63|   0|   63|          0|
    |trunc_ln479_reg_843  |   63|   0|   63|          0|
    |trunc_ln505_reg_910  |   52|   0|   52|          0|
    |u_1_reg_1006         |   64|   0|   64|          0|
    |xs_exp_1_reg_824     |   11|   0|   11|          0|
    |xs_sig_reg_832       |   52|   0|   52|          0|
    |xs_sign_3_reg_905    |    1|   0|    1|          0|
    |xs_sign_reg_815      |    1|   0|    1|          0|
    |y_reg_1011           |   64|   0|   64|          0|
    |zext_ln79_reg_930    |    3|   0|   64|         61|
    +---------------------+-----+----+-----+-----------+
    |Total                | 1689|   0| 1813|        124|
    +---------------------+-----+----+-----+-----------+



================================================================
== Interface
================================================================
* Summary: 
+--------------------+-----+-----+------------+--------------+--------------+
|      RTL Ports     | Dir | Bits|  Protocol  | Source Object|    C Type    |
+--------------------+-----+-----+------------+--------------+--------------+
|s_axi_CTRL_AWVALID  |   in|    1|       s_axi|          CTRL|       pointer|
|s_axi_CTRL_AWREADY  |  out|    1|       s_axi|          CTRL|       pointer|
|s_axi_CTRL_AWADDR   |   in|    6|       s_axi|          CTRL|       pointer|
|s_axi_CTRL_WVALID   |   in|    1|       s_axi|          CTRL|       pointer|
|s_axi_CTRL_WREADY   |  out|    1|       s_axi|          CTRL|       pointer|
|s_axi_CTRL_WDATA    |   in|   32|       s_axi|          CTRL|       pointer|
|s_axi_CTRL_WSTRB    |   in|    4|       s_axi|          CTRL|       pointer|
|s_axi_CTRL_ARVALID  |   in|    1|       s_axi|          CTRL|       pointer|
|s_axi_CTRL_ARREADY  |  out|    1|       s_axi|          CTRL|       pointer|
|s_axi_CTRL_ARADDR   |   in|    6|       s_axi|          CTRL|       pointer|
|s_axi_CTRL_RVALID   |  out|    1|       s_axi|          CTRL|       pointer|
|s_axi_CTRL_RREADY   |   in|    1|       s_axi|          CTRL|       pointer|
|s_axi_CTRL_RDATA    |  out|   32|       s_axi|          CTRL|       pointer|
|s_axi_CTRL_RRESP    |  out|    2|       s_axi|          CTRL|       pointer|
|s_axi_CTRL_BVALID   |  out|    1|       s_axi|          CTRL|       pointer|
|s_axi_CTRL_BREADY   |   in|    1|       s_axi|          CTRL|       pointer|
|s_axi_CTRL_BRESP    |  out|    2|       s_axi|          CTRL|       pointer|
|ap_clk              |   in|    1|  ap_ctrl_hs|   trig_approx|  return value|
|ap_rst_n            |   in|    1|  ap_ctrl_hs|   trig_approx|  return value|
|interrupt           |  out|    1|  ap_ctrl_hs|   trig_approx|  return value|
+--------------------+-----+-----+------------+--------------+--------------+

