

================================================================
== Vitis HLS Report for 'trig_approx'
================================================================
* Date:           Tue Feb 11 01:26:28 2025

* Version:        2024.2 (Build 5238294 on Nov  8 2024)
* Project:        trig_approx
* Solution:       hls (Vivado IP Flow Target)
* Product family: artix7
* Target device:  xc7a35t-cpg236-1


================================================================
== Performance Estimates
================================================================
+ Timing: 
    * Summary: 
    +--------+----------+----------+------------+
    |  Clock |  Target  | Estimated| Uncertainty|
    +--------+----------+----------+------------+
    |ap_clk  |  10.00 ns|  8.757 ns|     2.00 ns|
    +--------+----------+----------+------------+

+ Latency: 
    * Summary: 
    +---------+---------+----------+----------+-----+-----+---------+
    |  Latency (cycles) |  Latency (absolute) |  Interval | Pipeline|
    |   min   |   max   |    min   |    max   | min | max |   Type  |
    +---------+---------+----------+----------+-----+-----+---------+
    |      193|      193|  1.930 us|  1.930 us|  194|  194|       no|
    +---------+---------+----------+----------+-----+-----+---------+

    + Detail: 
        * Instance: 
        N/A

        * Loop: 
        N/A



================================================================
== Utilization Estimates
================================================================
* Summary: 
+-----------------+---------+----+-------+-------+-----+
|       Name      | BRAM_18K| DSP|   FF  |  LUT  | URAM|
+-----------------+---------+----+-------+-------+-----+
|DSP              |        -|   -|      -|      -|    -|
|Expression       |        -|   -|      0|    802|    -|
|FIFO             |        -|   -|      -|      -|    -|
|Instance         |        0|  28|   2070|   2271|    -|
|Memory           |        2|   -|      0|      0|    -|
|Multiplexer      |        -|   -|      0|   1247|    -|
|Register         |        -|   -|   1213|      -|    -|
+-----------------+---------+----+-------+-------+-----+
|Total            |        2|  28|   3283|   4320|    0|
+-----------------+---------+----+-------+-------+-----+
|Available        |      100|  90|  41600|  20800|    0|
+-----------------+---------+----+-------+-------+-----+
|Utilization (%)  |        2|  31|      7|     20|    0|
+-----------------+---------+----+-------+-------+-----+

+ Detail: 
    * Instance: 
    +---------------------------------------+------------------------------------+---------+----+-----+-----+-----+
    |                Instance               |               Module               | BRAM_18K| DSP|  FF | LUT | URAM|
    +---------------------------------------+------------------------------------+---------+----+-----+-----+-----+
    |CTRL_s_axi_U                           |CTRL_s_axi                          |        0|   0|  176|  296|    0|
    |dadd_64ns_64ns_64_7_full_dsp_1_U2      |dadd_64ns_64ns_64_7_full_dsp_1      |        0|   3|  630|  777|    0|
    |dadddsub_64ns_64ns_64_7_full_dsp_1_U1  |dadddsub_64ns_64ns_64_7_full_dsp_1  |        0|   3|  630|  777|    0|
    |dcmp_64ns_64ns_1_2_no_dsp_1_U6         |dcmp_64ns_64ns_1_2_no_dsp_1         |        0|   0|    0|    0|    0|
    |ddiv_64ns_64ns_64_59_no_dsp_1_U5       |ddiv_64ns_64ns_64_59_no_dsp_1       |        0|   0|    0|    0|    0|
    |dmul_64ns_64ns_64_6_max_dsp_1_U3       |dmul_64ns_64ns_64_6_max_dsp_1       |        0|  11|  317|  204|    0|
    |dmul_64ns_64ns_64_6_max_dsp_1_U4       |dmul_64ns_64ns_64_6_max_dsp_1       |        0|  11|  317|  204|    0|
    |sparsemux_9_3_64_1_1_U7                |sparsemux_9_3_64_1_1                |        0|   0|    0|   13|    0|
    +---------------------------------------+------------------------------------+---------+----+-----+-----+-----+
    |Total                                  |                                    |        0|  28| 2070| 2271|    0|
    +---------------------------------------+------------------------------------+---------+----+-----+-----+-----+

    * DSP: 
    N/A

    * Memory: 
    +--------------+------------------------+---------+---+----+-----+------+-----+------+-------------+
    |    Memory    |         Module         | BRAM_18K| FF| LUT| URAM| Words| Bits| Banks| W*Bits*Banks|
    +--------------+------------------------+---------+---+----+-----+------+-----+------+-------------+
    |mask_table_U  |mask_table_ROM_AUTO_1R  |        2|  0|   0|    0|    64|   52|     1|         3328|
    +--------------+------------------------+---------+---+----+-----+------+-----+------+-------------+
    |Total         |                        |        2|  0|   0|    0|    64|   52|     1|         3328|
    +--------------+------------------------+---------+---+----+-----+------+-----+------+-------------+

    * FIFO: 
    N/A

    * Expression: 
    +-----------------------+----------+----+---+----+------------+------------+
    |     Variable Name     | Operation| DSP| FF| LUT| Bitwidth P0| Bitwidth P1|
    +-----------------------+----------+----+---+----+------------+------------+
    |data_1_fu_284_p2       |         +|   0|  0|  71|          64|          64|
    |and_ln18_fu_471_p2     |       and|   0|  0|   2|           1|           1|
    |and_ln19_1_fu_397_p2   |       and|   0|  0|   2|           1|           1|
    |and_ln19_fu_392_p2     |       and|   0|  0|   2|           1|           1|
    |and_ln20_fu_574_p2     |       and|   0|  0|   2|           1|           1|
    |and_ln24_fu_358_p2     |       and|   0|  0|   2|           1|           1|
    |and_ln46_fu_591_p2     |       and|   0|  0|   2|           1|           1|
    |xs_sig_3_fu_332_p2     |       and|   0|  0|  52|          52|          52|
    |xs_sign_2_fu_310_p2    |       and|   0|  0|   2|           1|           1|
    |icmp_ln18_1_fu_455_p2  |      icmp|   0|  0|  18|          11|           2|
    |icmp_ln18_2_fu_461_p2  |      icmp|   0|  0|  59|          52|           1|
    |icmp_ln18_fu_253_p2    |      icmp|   0|  0|  18|          11|          10|
    |icmp_ln19_1_fu_381_p2  |      icmp|   0|  0|  18|          11|           1|
    |icmp_ln19_fu_376_p2    |      icmp|   0|  0|  59|          52|           1|
    |icmp_ln20_1_fu_507_p2  |      icmp|   0|  0|  59|          52|           1|
    |icmp_ln20_fu_501_p2    |      icmp|   0|  0|  18|          11|           2|
    |icmp_ln24_fu_258_p2    |      icmp|   0|  0|  18|          11|          11|
    |icmp_ln46_1_fu_564_p2  |      icmp|   0|  0|  59|          52|           1|
    |icmp_ln46_fu_558_p2    |      icmp|   0|  0|  18|          11|           2|
    |or_ln18_fu_467_p2      |        or|   0|  0|   2|           1|           1|
    |or_ln19_fu_386_p2      |        or|   0|  0|   2|           1|           1|
    |or_ln20_fu_570_p2      |        or|   0|  0|   2|           1|           1|
    |or_ln24_fu_364_p2      |        or|   0|  0|   2|           1|           1|
    |or_ln46_fu_587_p2      |        or|   0|  0|   2|           1|           1|
    |ang_mod_4_fu_477_p3    |    select|   0|  0|  64|           1|          64|
    |out_r                  |    select|   0|  0|  64|           1|          63|
    |sign_fu_579_p3         |    select|   0|  0|  64|           1|          64|
    |xs_exp_2_fu_315_p3     |    select|   0|  0|  11|           1|          11|
    |xs_sig_2_fu_321_p3     |    select|   0|  0|  52|           1|          52|
    |xor_ln18_fu_352_p2     |       xor|   0|  0|   2|           1|           2|
    |xor_ln24_fu_370_p2     |       xor|   0|  0|   2|           1|           2|
    |xor_ln39_fu_327_p2     |       xor|   0|  0|  52|          52|           2|
    +-----------------------+----------+----+---+----+------------+------------+
    |Total                  |          |   0|  0| 802|         461|         420|
    +-----------------------+----------+----+---+----+------------+------------+

    * Multiplexer: 
    +-------------------+------+-----------+-----+-----------+
    |        Name       |  LUT | Input Size| Bits| Total Bits|
    +-------------------+------+-----------+-----+-----------+
    |ap_NS_fsm          |  1033|        195|    1|        195|
    |grp_fu_144_opcode  |    13|          3|    2|          6|
    |grp_fu_144_p0      |    21|          5|   64|        320|
    |grp_fu_144_p1      |    21|          5|   64|        320|
    |grp_fu_154_p0      |    29|          7|   64|        448|
    |grp_fu_154_p1      |    33|          8|   64|        512|
    |grp_fu_166_p0      |    25|          6|   64|        384|
    |grp_fu_166_p1      |    25|          6|   64|        384|
    |grp_fu_176_opcode  |    13|          3|    5|         15|
    |grp_fu_176_p0      |    17|          4|   64|        256|
    |grp_fu_176_p1      |    17|          4|   64|        256|
    +-------------------+------+-----------+-----+-----------+
    |Total              |  1247|        246|  520|       3096|
    +-------------------+------+-----------+-----+-----------+

    * Register: 
    +---------------------+-----+----+-----+-----------+
    |         Name        |  FF | LUT| Bits| Const Bits|
    +---------------------+-----+----+-----+-----------+
    |add_i_reg_719        |   64|   0|   64|          0|
    |ang_mod_1_reg_669    |   64|   0|   64|          0|
    |ang_mod_4_reg_674    |   64|   0|   64|          0|
    |ang_mod_5_reg_690    |   63|   0|   64|          1|
    |ap_CS_fsm            |  194|   0|  194|          0|
    |icmp_ln18_1_reg_659  |    1|   0|    1|          0|
    |icmp_ln18_2_reg_664  |    1|   0|    1|          0|
    |icmp_ln20_1_reg_685  |    1|   0|    1|          0|
    |icmp_ln20_reg_680    |    1|   0|    1|          0|
    |icmp_ln46_1_reg_734  |    1|   0|    1|          0|
    |icmp_ln46_reg_729    |    1|   0|    1|          0|
    |in_r_read_reg_609    |   64|   0|   64|          0|
    |mask_reg_648         |   52|   0|   52|          0|
    |mul5_i_reg_709       |   64|   0|   64|          0|
    |mul8_i_reg_714       |   64|   0|   64|          0|
    |quotient_reg_654     |   64|   0|   64|          0|
    |reg_183              |   64|   0|   64|          0|
    |reg_189              |   64|   0|   64|          0|
    |reg_198              |   64|   0|   64|          0|
    |reg_204              |   64|   0|   64|          0|
    |sign_reg_744         |    1|   0|   64|         63|
    |tmp_3_reg_698        |    1|   0|    1|          0|
    |tmp_6_reg_739        |    1|   0|    1|          0|
    |trunc_ln479_reg_643  |   63|   0|   63|          0|
    |x3_reg_703           |   64|   0|   64|          0|
    |xs_exp_reg_624       |   11|   0|   11|          0|
    |xs_sig_reg_632       |   52|   0|   52|          0|
    |xs_sign_reg_615      |    1|   0|    1|          0|
    +---------------------+-----+----+-----+-----------+
    |Total                | 1213|   0| 1277|         64|
    +---------------------+-----+----+-----+-----------+



================================================================
== Interface
================================================================
* Summary: 
+--------------------+-----+-----+------------+--------------+--------------+
|      RTL Ports     | Dir | Bits|  Protocol  | Source Object|    C Type    |
+--------------------+-----+-----+------------+--------------+--------------+
|s_axi_CTRL_AWVALID  |   in|    1|       s_axi|          CTRL|       pointer|
|s_axi_CTRL_AWREADY  |  out|    1|       s_axi|          CTRL|       pointer|
|s_axi_CTRL_AWADDR   |   in|    6|       s_axi|          CTRL|       pointer|
|s_axi_CTRL_WVALID   |   in|    1|       s_axi|          CTRL|       pointer|
|s_axi_CTRL_WREADY   |  out|    1|       s_axi|          CTRL|       pointer|
|s_axi_CTRL_WDATA    |   in|   32|       s_axi|          CTRL|       pointer|
|s_axi_CTRL_WSTRB    |   in|    4|       s_axi|          CTRL|       pointer|
|s_axi_CTRL_ARVALID  |   in|    1|       s_axi|          CTRL|       pointer|
|s_axi_CTRL_ARREADY  |  out|    1|       s_axi|          CTRL|       pointer|
|s_axi_CTRL_ARADDR   |   in|    6|       s_axi|          CTRL|       pointer|
|s_axi_CTRL_RVALID   |  out|    1|       s_axi|          CTRL|       pointer|
|s_axi_CTRL_RREADY   |   in|    1|       s_axi|          CTRL|       pointer|
|s_axi_CTRL_RDATA    |  out|   32|       s_axi|          CTRL|       pointer|
|s_axi_CTRL_RRESP    |  out|    2|       s_axi|          CTRL|       pointer|
|s_axi_CTRL_BVALID   |  out|    1|       s_axi|          CTRL|       pointer|
|s_axi_CTRL_BREADY   |   in|    1|       s_axi|          CTRL|       pointer|
|s_axi_CTRL_BRESP    |  out|    2|       s_axi|          CTRL|       pointer|
|ap_clk              |   in|    1|  ap_ctrl_hs|   trig_approx|  return value|
|ap_rst_n            |   in|    1|  ap_ctrl_hs|   trig_approx|  return value|
|interrupt           |  out|    1|  ap_ctrl_hs|   trig_approx|  return value|
+--------------------+-----+-----+------------+--------------+--------------+

