

================================================================
== Vitis HLS Report for 'trig_approx'
================================================================
* Date:           Tue Feb 11 01:13:29 2025

* Version:        2024.2 (Build 5238294 on Nov  8 2024)
* Project:        trig_approx
* Solution:       hls (Vivado IP Flow Target)
* Product family: artix7
* Target device:  xc7a35t-cpg236-1


================================================================
== Performance Estimates
================================================================
+ Timing: 
    * Summary: 
    +--------+----------+----------+------------+
    |  Clock |  Target  | Estimated| Uncertainty|
    +--------+----------+----------+------------+
    |ap_clk  |  10.00 ns|  8.485 ns|     2.00 ns|
    +--------+----------+----------+------------+

+ Latency: 
    * Summary: 
    +---------+---------+----------+----------+-----+-----+---------+
    |  Latency (cycles) |  Latency (absolute) |  Interval | Pipeline|
    |   min   |   max   |    min   |    max   | min | max |   Type  |
    +---------+---------+----------+----------+-----+-----+---------+
    |      198|      198|  1.980 us|  1.980 us|  199|  199|       no|
    +---------+---------+----------+----------+-----+-----+---------+

    + Detail: 
        * Instance: 
        N/A

        * Loop: 
        N/A



================================================================
== Utilization Estimates
================================================================
* Summary: 
+-----------------+---------+----+-------+-------+-----+
|       Name      | BRAM_18K| DSP|   FF  |  LUT  | URAM|
+-----------------+---------+----+-------+-------+-----+
|DSP              |        -|   -|      -|      -|    -|
|Expression       |        -|   -|      0|    789|    -|
|FIFO             |        -|   -|      -|      -|    -|
|Instance         |        0|  14|   1123|   1290|    -|
|Memory           |        2|   -|      0|      0|    -|
|Multiplexer      |        -|   -|      0|   1270|    -|
|Register         |        -|   -|   1087|      -|    -|
+-----------------+---------+----+-------+-------+-----+
|Total            |        2|  14|   2210|   3349|    0|
+-----------------+---------+----+-------+-------+-----+
|Available        |      100|  90|  41600|  20800|    0|
+-----------------+---------+----+-------+-------+-----+
|Utilization (%)  |        2|  15|      5|     16|    0|
+-----------------+---------+----+-------+-------+-----+

+ Detail: 
    * Instance: 
    +---------------------------------------+------------------------------------+---------+----+-----+-----+-----+
    |                Instance               |               Module               | BRAM_18K| DSP|  FF | LUT | URAM|
    +---------------------------------------+------------------------------------+---------+----+-----+-----+-----+
    |CTRL_s_axi_U                           |CTRL_s_axi                          |        0|   0|  176|  296|    0|
    |dadddsub_64ns_64ns_64_7_full_dsp_1_U1  |dadddsub_64ns_64ns_64_7_full_dsp_1  |        0|   3|  630|  777|    0|
    |dcmp_64ns_64ns_1_2_no_dsp_1_U4         |dcmp_64ns_64ns_1_2_no_dsp_1         |        0|   0|    0|    0|    0|
    |dcmp_64ns_64ns_1_2_no_dsp_1_U5         |dcmp_64ns_64ns_1_2_no_dsp_1         |        0|   0|    0|    0|    0|
    |ddiv_64ns_64ns_64_59_no_dsp_1_U3       |ddiv_64ns_64ns_64_59_no_dsp_1       |        0|   0|    0|    0|    0|
    |dmul_64ns_64ns_64_6_max_dsp_1_U2       |dmul_64ns_64ns_64_6_max_dsp_1       |        0|  11|  317|  204|    0|
    |sparsemux_9_3_64_1_1_U6                |sparsemux_9_3_64_1_1                |        0|   0|    0|   13|    0|
    +---------------------------------------+------------------------------------+---------+----+-----+-----+-----+
    |Total                                  |                                    |        0|  14| 1123| 1290|    0|
    +---------------------------------------+------------------------------------+---------+----+-----+-----+-----+

    * DSP: 
    N/A

    * Memory: 
    +--------------+------------------------+---------+---+----+-----+------+-----+------+-------------+
    |    Memory    |         Module         | BRAM_18K| FF| LUT| URAM| Words| Bits| Banks| W*Bits*Banks|
    +--------------+------------------------+---------+---+----+-----+------+-----+------+-------------+
    |mask_table_U  |mask_table_ROM_AUTO_1R  |        2|  0|   0|    0|    64|   52|     1|         3328|
    +--------------+------------------------+---------+---+----+-----+------+-----+------+-------------+
    |Total         |                        |        2|  0|   0|    0|    64|   52|     1|         3328|
    +--------------+------------------------+---------+---+----+-----+------+-----+------+-------------+

    * FIFO: 
    N/A

    * Expression: 
    +-----------------------+----------+----+---+----+------------+------------+
    |     Variable Name     | Operation| DSP| FF| LUT| Bitwidth P0| Bitwidth P1|
    +-----------------------+----------+----+---+----+------------+------------+
    |data_1_fu_268_p2       |         +|   0|  0|  71|          64|          64|
    |and_ln19_1_fu_381_p2   |       and|   0|  0|   2|           1|           1|
    |and_ln19_2_fu_528_p2   |       and|   0|  0|   2|           1|           1|
    |and_ln19_fu_376_p2     |       and|   0|  0|   2|           1|           1|
    |and_ln21_fu_470_p2     |       and|   0|  0|   2|           1|           1|
    |and_ln24_fu_342_p2     |       and|   0|  0|   2|           1|           1|
    |and_ln25_fu_515_p2     |       and|   0|  0|   2|           1|           1|
    |xs_sig_3_fu_316_p2     |       and|   0|  0|  52|          52|          52|
    |xs_sign_2_fu_294_p2    |       and|   0|  0|   2|           1|           1|
    |icmp_ln18_fu_237_p2    |      icmp|   0|  0|  18|          11|          10|
    |icmp_ln19_1_fu_365_p2  |      icmp|   0|  0|  18|          11|           1|
    |icmp_ln19_2_fu_439_p2  |      icmp|   0|  0|  18|          11|           2|
    |icmp_ln19_3_fu_445_p2  |      icmp|   0|  0|  59|          52|           1|
    |icmp_ln19_fu_360_p2    |      icmp|   0|  0|  59|          52|           1|
    |icmp_ln24_fu_242_p2    |      icmp|   0|  0|  18|          11|          11|
    |icmp_ln25_1_fu_505_p2  |      icmp|   0|  0|  59|          52|           1|
    |icmp_ln25_fu_499_p2    |      icmp|   0|  0|  18|          11|           2|
    |or_ln19_1_fu_451_p2    |        or|   0|  0|   2|           1|           1|
    |or_ln19_fu_370_p2      |        or|   0|  0|   2|           1|           1|
    |or_ln24_fu_348_p2      |        or|   0|  0|   2|           1|           1|
    |or_ln25_fu_511_p2      |        or|   0|  0|   2|           1|           1|
    |sign_3_fu_574_p3       |    select|   0|  0|  64|           1|          64|
    |sign_fu_532_p3         |    select|   0|  0|  64|           1|          64|
    |x_2_fu_475_p3          |    select|   0|  0|  64|           1|          64|
    |x_5_fu_521_p3          |    select|   0|  0|  64|           1|          64|
    |xs_exp_2_fu_299_p3     |    select|   0|  0|  11|           1|          11|
    |xs_sig_2_fu_305_p3     |    select|   0|  0|  52|           1|          52|
    |xor_ln18_fu_336_p2     |       xor|   0|  0|   2|           1|           2|
    |xor_ln22_fu_552_p2     |       xor|   0|  0|   2|           1|           2|
    |xor_ln24_fu_354_p2     |       xor|   0|  0|   2|           1|           2|
    |xor_ln39_fu_311_p2     |       xor|   0|  0|  52|          52|           2|
    +-----------------------+----------+----+---+----+------------+------------+
    |Total                  |          |   0|  0| 789|         399|         483|
    +-----------------------+----------+----+---+----+------------+------------+

    * Multiplexer: 
    +-------------------+------+-----------+-----+-----------+
    |        Name       |  LUT | Input Size| Bits| Total Bits|
    +-------------------+------+-----------+-----+-----------+
    |ap_NS_fsm          |  1060|        200|    1|        200|
    |grp_fu_140_opcode  |    13|          3|    2|          6|
    |grp_fu_140_p0      |    25|          6|   64|        384|
    |grp_fu_140_p1      |    21|          5|   64|        320|
    |grp_fu_146_p0      |    37|          9|   64|        576|
    |grp_fu_146_p1      |    25|          6|   64|        384|
    |grp_fu_152_p0      |    25|          6|   64|        384|
    |grp_fu_152_p1      |    25|          6|   64|        384|
    |grp_fu_162_opcode  |    13|          3|    5|         15|
    |grp_fu_162_p0      |    13|          3|   64|        192|
    |grp_fu_162_p1      |    13|          3|   64|        192|
    +-------------------+------+-----------+-----+-----------+
    |Total              |  1270|        250|  520|       3037|
    +-------------------+------+-----------+-----+-----------+

    * Register: 
    +---------------------+-----+----+-----+-----------+
    |         Name        |  FF | LUT| Bits| Const Bits|
    +---------------------+-----+----+-----+-----------+
    |and_ln21_reg_654     |    1|   0|    1|          0|
    |ap_CS_fsm            |  199|   0|  199|          0|
    |icmp_ln25_1_reg_672  |    1|   0|    1|          0|
    |icmp_ln25_reg_667    |    1|   0|    1|          0|
    |in_r_read_reg_586    |   64|   0|   64|          0|
    |mask_reg_625         |   52|   0|   52|          0|
    |or_ln19_1_reg_636    |    1|   0|    1|          0|
    |quotient_reg_631     |   64|   0|   64|          0|
    |reg_173              |   64|   0|   64|          0|
    |reg_178              |   64|   0|   64|          0|
    |reg_187              |   64|   0|   64|          0|
    |sign_3_reg_702       |    1|   0|   64|         63|
    |tmp_1_reg_649        |    1|   0|    1|          0|
    |trunc_ln479_reg_620  |   63|   0|   63|          0|
    |x3_reg_684           |   64|   0|   64|          0|
    |x5_reg_690           |   64|   0|   64|          0|
    |x7_reg_696           |   64|   0|   64|          0|
    |x_2_reg_660          |   64|   0|   64|          0|
    |x_5_reg_677          |   64|   0|   64|          0|
    |x_reg_642            |   63|   0|   64|          1|
    |xs_exp_reg_601       |   11|   0|   11|          0|
    |xs_sig_reg_609       |   52|   0|   52|          0|
    |xs_sign_reg_592      |    1|   0|    1|          0|
    +---------------------+-----+----+-----+-----------+
    |Total                | 1087|   0| 1151|         64|
    +---------------------+-----+----+-----+-----------+



================================================================
== Interface
================================================================
* Summary: 
+--------------------+-----+-----+------------+--------------+--------------+
|      RTL Ports     | Dir | Bits|  Protocol  | Source Object|    C Type    |
+--------------------+-----+-----+------------+--------------+--------------+
|s_axi_CTRL_AWVALID  |   in|    1|       s_axi|          CTRL|       pointer|
|s_axi_CTRL_AWREADY  |  out|    1|       s_axi|          CTRL|       pointer|
|s_axi_CTRL_AWADDR   |   in|    6|       s_axi|          CTRL|       pointer|
|s_axi_CTRL_WVALID   |   in|    1|       s_axi|          CTRL|       pointer|
|s_axi_CTRL_WREADY   |  out|    1|       s_axi|          CTRL|       pointer|
|s_axi_CTRL_WDATA    |   in|   32|       s_axi|          CTRL|       pointer|
|s_axi_CTRL_WSTRB    |   in|    4|       s_axi|          CTRL|       pointer|
|s_axi_CTRL_ARVALID  |   in|    1|       s_axi|          CTRL|       pointer|
|s_axi_CTRL_ARREADY  |  out|    1|       s_axi|          CTRL|       pointer|
|s_axi_CTRL_ARADDR   |   in|    6|       s_axi|          CTRL|       pointer|
|s_axi_CTRL_RVALID   |  out|    1|       s_axi|          CTRL|       pointer|
|s_axi_CTRL_RREADY   |   in|    1|       s_axi|          CTRL|       pointer|
|s_axi_CTRL_RDATA    |  out|   32|       s_axi|          CTRL|       pointer|
|s_axi_CTRL_RRESP    |  out|    2|       s_axi|          CTRL|       pointer|
|s_axi_CTRL_BVALID   |  out|    1|       s_axi|          CTRL|       pointer|
|s_axi_CTRL_BREADY   |   in|    1|       s_axi|          CTRL|       pointer|
|s_axi_CTRL_BRESP    |  out|    2|       s_axi|          CTRL|       pointer|
|ap_clk              |   in|    1|  ap_ctrl_hs|   trig_approx|  return value|
|ap_rst_n            |   in|    1|  ap_ctrl_hs|   trig_approx|  return value|
|interrupt           |  out|    1|  ap_ctrl_hs|   trig_approx|  return value|
+--------------------+-----+-----+------------+--------------+--------------+

